-------------------------------------------------------------------------------
      name:  <unnamed>
       log:  C:\Users\lchunhui\Downloads\CCA.log
  log type:  text
 opened on:  25 Nov 2018, 19:03:15

. cd "C:\Users\lchunhui\Downloads"
C:\Users\lchunhui\Downloads

. do "C:\Users\lchunhui\AppData\Local\Temp\STD321c_000000.tmp"

. import delimited data.csv
(18 vars, 565 obs)

. 
end of do-file

. do "C:\Users\lchunhui\AppData\Local\Temp\STD321c_000000.tmp"

. list in 1/3

     +-----------------------------------------------------------------------+
  1. | v1  |        v2  |   benzene  |   oxylene  |  mpxylene  |  ethylbe~e  |
     |  1  |  1.037667  | -1.060735  |  2.163308  |  2.163308  |   2.007744  |
     |-----------------------------------------------------------------------|
     |      mtbe |   toluene | chlorof~m | tetrac~e  | trichl~e  |  albumin  |
     |    1.0924 |   1.88951 |  .8161429 | 1.250906  | .5039024  | .0732355  |
     |-----------+-----------+-----------+-----------+-----------+-----------|
     |       alt |       alp |       ast |       ggt |       ldh |        tb |
     | -.6783221 | -.1066309 | -.4419047 | -.6262044 |  1.088382 | -.4615485 |
     +-----------------------------------------------------------------------+

     +-----------------------------------------------------------------------+
  2. | v1  |        v2  |   benzene  |   oxylene  |  mpxylene  |  ethylbe~e  |
     |  2  | -.0643453  |  .2031609  | -.5292404  | -.3295934  |   -.493858  |
     |-----------------------------------------------------------------------|
     |      mtbe |   toluene | chlorof~m | tetrac~e  | trichl~e  |  albumin  |
     | -.5626988 | -.5652983 |     .7528 | -.160328  | -.542037  | 1.007743  |
     |-----------+-----------+-----------+-----------+-----------+-----------|
     |       alt |       alp |       ast |       ggt |       ldh |        tb |
     | -1.033876 |  -.599451 | -.6154503 | -.4838632 | -.0754589 |  .4615485 |
     +-----------------------------------------------------------------------+

     +-----------------------------------------------------------------------+
  3. | v1  |        v2  |   benzene  |   oxylene  |  mpxylene  |  ethylbe~e  |
     |  3  | -.2326791  | -.3672921  | -2.211818  | -1.199255  |  -.4370206  |
     |-----------------------------------------------------------------------|
     |      mtbe |   toluene | chlorof~m | tetrac~e  | trichl~e  |  albumin  |
     |  .5241461 | -1.475034 | -.2993069 | .6506712  | 1.605612  | .3696651  |
     |-----------+-----------+-----------+-----------+-----------+-----------|
     |       alt |       alp |       ast |       ggt |       ldh |        tb |
     |  2.042195 |  .6506712 |  1.876456 |  1.792977 |  -.013304 |  1.100489 |
     +-----------------------------------------------------------------------+

. 
end of do-file

. do "C:\Users\lchunhui\AppData\Local\Temp\STD321c_000000.tmp"

. canon (v2 benzene oxylene mpxylene ethylbenzene mtbe toluene chloroform tetra
> chloroethene trichloroethene) (albumin alt alp ast ggt ldh tb)

Canonical correlation analysis                      Number of obs =        565

Raw coefficients for the first variable set

                 |        1         2         3         4         5         6 
    -------------+------------------------------------------------------------
              v2 |   0.0756    0.8255    0.0848    0.3657    0.1051   -0.0897 
         benzene |   0.8105    0.0800   -0.5946   -0.2967    0.4546   -0.5500 
         oxylene |   0.6197    0.6911    0.9462    0.3385   -0.6435    0.8811 
        mpxylene |  -0.2399   -0.6321   -0.5617   -0.1971   -0.1289   -1.4618 
    ethylbenzene |  -0.0325   -0.2859    0.0801    0.8217    0.6042    0.3922 
            mtbe |   0.3226   -0.0154    0.0538   -0.6598   -0.1084    0.5373 
         toluene |  -0.1840   -0.2222    0.1589   -0.2089    0.0055    0.9820 
      chloroform |  -0.3459   -0.2872   -0.0361    0.0722    0.8131    0.0680 
    tetrachlor~e |  -0.0666    0.2111    0.8209   -0.3917    0.2137   -0.4856 
    trichloroe~e |  -0.0323    0.5114   -0.7368   -0.0611    0.0812    0.4931 
    --------------------------------------------------------------------------

                 |        7 
    -------------+----------
              v2 |   0.2513 
         benzene |  -0.1799 
         oxylene |   1.0375 
        mpxylene |  -0.3028 
    ethylbenzene |  -0.4197 
            mtbe |   0.6359 
         toluene |  -0.5544 
      chloroform |   0.4626 
    tetrachlor~e |  -0.4713 
    trichloroe~e |  -0.3929 
    ------------------------

Raw coefficients for the second variable set

                 |        1         2         3         4         5         6 
    -------------+------------------------------------------------------------
         albumin |   0.9655   -0.2429    0.6400    0.2047   -0.0927   -0.0558 
             alt |   0.0933   -0.6251   -0.6853    0.2720    0.1690    0.8961 
             alp |   0.5209    0.6121   -0.5120    0.1461   -0.3885    0.2201 
             ast |  -0.1377    0.0208    0.4377   -1.1944   -0.7119    0.0288 
             ggt |   0.0386    0.1082   -0.2176   -0.3201    0.5975   -1.1838 
             ldh |  -0.0874    0.6455    0.5559    0.1323    0.6481    0.2671 
              tb |  -0.6301    0.3990   -0.0146    0.3359   -0.6610   -0.3703 
    --------------------------------------------------------------------------

                 |        7 
    -------------+----------
         albumin |   0.0704 
             alt |  -1.1633 
             alp |   0.2831 
             ast |   0.8795 
             ggt |  -0.0459 
             ldh |  -0.3746 
              tb |  -0.5104 
    ------------------------

----------------------------------------------------------------------------
Canonical correlations:
  0.3184  0.2314  0.1921  0.1144  0.1002  0.0656  0.0246

----------------------------------------------------------------------------
Tests of significance of all canonical correlations

                         Statistic      df1      df2            F     Prob>F
         Wilks' lambda     .796381       70  3202.18       1.8215     0.0000 a
        Pillai's trace     .219833       70     3878       1.7962     0.0001 a
Lawley-Hotelling trace     .236003       70     3824       1.8418     0.0000 a
    Roy's largest root     .112804       10      554       6.2494     0.0000 u
----------------------------------------------------------------------------
                            e = exact, a = approximate, u = upper bound on F

. 
end of do-file

. do "C:\Users\lchunhui\AppData\Local\Temp\STD321c_000000.tmp"

. canon, test(1 2 3 4 5 6 7)


Canonical correlation analysis                      Number of obs =        565

Raw coefficients for the first variable set

                 |        1         2         3         4         5         6 
    -------------+------------------------------------------------------------
              v2 |   0.0756    0.8255    0.0848    0.3657    0.1051   -0.0897 
         benzene |   0.8105    0.0800   -0.5946   -0.2967    0.4546   -0.5500 
         oxylene |   0.6197    0.6911    0.9462    0.3385   -0.6435    0.8811 
        mpxylene |  -0.2399   -0.6321   -0.5617   -0.1971   -0.1289   -1.4618 
    ethylbenzene |  -0.0325   -0.2859    0.0801    0.8217    0.6042    0.3922 
            mtbe |   0.3226   -0.0154    0.0538   -0.6598   -0.1084    0.5373 
         toluene |  -0.1840   -0.2222    0.1589   -0.2089    0.0055    0.9820 
      chloroform |  -0.3459   -0.2872   -0.0361    0.0722    0.8131    0.0680 
    tetrachlor~e |  -0.0666    0.2111    0.8209   -0.3917    0.2137   -0.4856 
    trichloroe~e |  -0.0323    0.5114   -0.7368   -0.0611    0.0812    0.4931 
    --------------------------------------------------------------------------

                 |        7 
    -------------+----------
              v2 |   0.2513 
         benzene |  -0.1799 
         oxylene |   1.0375 
        mpxylene |  -0.3028 
    ethylbenzene |  -0.4197 
            mtbe |   0.6359 
         toluene |  -0.5544 
      chloroform |   0.4626 
    tetrachlor~e |  -0.4713 
    trichloroe~e |  -0.3929 
    ------------------------

Raw coefficients for the second variable set

                 |        1         2         3         4         5         6 
    -------------+------------------------------------------------------------
         albumin |   0.9655   -0.2429    0.6400    0.2047   -0.0927   -0.0558 
             alt |   0.0933   -0.6251   -0.6853    0.2720    0.1690    0.8961 
             alp |   0.5209    0.6121   -0.5120    0.1461   -0.3885    0.2201 
             ast |  -0.1377    0.0208    0.4377   -1.1944   -0.7119    0.0288 
             ggt |   0.0386    0.1082   -0.2176   -0.3201    0.5975   -1.1838 
             ldh |  -0.0874    0.6455    0.5559    0.1323    0.6481    0.2671 
              tb |  -0.6301    0.3990   -0.0146    0.3359   -0.6610   -0.3703 
    --------------------------------------------------------------------------

                 |        7 
    -------------+----------
         albumin |   0.0704 
             alt |  -1.1633 
             alp |   0.2831 
             ast |   0.8795 
             ggt |  -0.0459 
             ldh |  -0.3746 
              tb |  -0.5104 
    ------------------------

----------------------------------------------------------------------------
Canonical correlations:
  0.3184  0.2314  0.1921  0.1144  0.1002  0.0656  0.0246

----------------------------------------------------------------------------
Tests of significance of all canonical correlations

                         Statistic      df1      df2            F     Prob>F
         Wilks' lambda     .796381       70  3202.18       1.8215     0.0000 a
        Pillai's trace     .219833       70     3878       1.7962     0.0001 a
Lawley-Hotelling trace     .236003       70     3824       1.8418     0.0000 a
    Roy's largest root     .112804       10      554       6.2494     0.0000 u
----------------------------------------------------------------------------
Test of significance of canonical correlations 1-7

                         Statistic      df1      df2            F     Prob>F
         Wilks' lambda     .796381       70  3202.18       1.8215     0.0000 a
----------------------------------------------------------------------------
Test of significance of canonical correlations 2-7

                         Statistic      df1      df2            F     Prob>F
         Wilks' lambda     .886217       54  2803.96       1.2448     0.1096 a
----------------------------------------------------------------------------
Test of significance of canonical correlations 3-7

                         Statistic      df1      df2            F     Prob>F
         Wilks' lambda     .936336       40  2400.19       0.9124     0.6283 a
----------------------------------------------------------------------------
Test of significance of canonical correlations 4-7

                         Statistic      df1      df2            F     Prob>F
         Wilks' lambda     .972219       28  1988.08       0.5570     0.9709 a
----------------------------------------------------------------------------
Test of significance of canonical correlations 5-7

                         Statistic      df1      df2            F     Prob>F
         Wilks' lambda     .985104       18  1561.78       0.4616     0.9733 a
----------------------------------------------------------------------------
Test of significance of canonical correlations 6-7

                         Statistic      df1      df2            F     Prob>F
         Wilks' lambda     .995097       10     1106       0.2721     0.9871 e
----------------------------------------------------------------------------
Test of significance of canonical correlation 7

                         Statistic      df1      df2            F     Prob>F
         Wilks' lambda     .999397        4      554       0.0836     0.9875 e
----------------------------------------------------------------------------
                            e = exact, a = approximate, u = upper bound on F

. 
end of do-file

. do "C:\Users\lchunhui\AppData\Local\Temp\STD321c_000000.tmp"

. canon (v2 benzene oxylene mpxylene ethylbenzene mtbe toluene chloroform tetra
> chloroethene trichloroethene) (albumin alt alp ast ggt ldh tb), first(2) stde
> rr

Linear combinations for canonical correlations      Number of obs =        565
------------------------------------------------------------------------------
             |      Coef.   Std. Err.      t    P>|t|     [95% Conf. Interval]
-------------+----------------------------------------------------------------
u1           |
          v2 |   .0756267   .1390955     0.54   0.587    -.1975818    .3488351
     benzene |   .8105217   .1831084     4.43   0.000     .4508641    1.170179
     oxylene |   .6196655   .3964418     1.56   0.119    -.1590173    1.398348
    mpxylene |  -.2399039   .4662774    -0.51   0.607    -1.155756    .6759485
ethylbenzene |  -.0325145   .2653383    -0.12   0.903    -.5536864    .4886574
        mtbe |   .3225807   .1650388     1.95   0.051     -.001585    .6467463
     toluene |  -.1839661   .1851906    -0.99   0.321    -.5477136    .1797815
  chloroform |  -.3458607   .1372016    -2.52   0.012    -.6153493   -.0763722
tetrachlor~e |  -.0666163   .1499327    -0.44   0.657     -.361111    .2278783
trichloroe~e |  -.0323482   .1683552    -0.19   0.848    -.3630279    .2983315
-------------+----------------------------------------------------------------
v1           |
     albumin |   .9655298   .1524076     6.34   0.000      .666174    1.264886
         alt |   .0932795   .2231235     0.42   0.676     -.344975    .5315341
         alp |   .5209347   .1387179     3.76   0.000     .2484679    .7934014
         ast |  -.1377092   .2155219    -0.64   0.523    -.5610329    .2856144
         ggt |   .0385658   .1749642     0.22   0.826    -.3050952    .3822267
         ldh |  -.0874316   .1483353    -0.59   0.556    -.3787886    .2039255
          tb |  -.6300689   .1546978    -4.07   0.000     -.933923   -.3262148
-------------+----------------------------------------------------------------
u2           |
          v2 |   .8255232   .1964452     4.20   0.000     .4396696    1.211377
     benzene |   .0800258   .2586049     0.31   0.757    -.4279204    .5879721
     oxylene |   .6910712   .5598968     1.23   0.218    -.4086663    1.790809
    mpxylene |  -.6320947   .6585259    -0.96   0.338    -1.925557    .6613681
ethylbenzene |  -.2859168   .3747385    -0.76   0.446     -1.02197    .4501368
        mtbe |  -.0153545   .2330851    -0.07   0.948    -.4731753    .4424663
     toluene |  -.2222011   .2615456    -0.85   0.396    -.7359235    .2915213
  chloroform |  -.2872412   .1937705    -1.48   0.139    -.6678412    .0933588
tetrachlor~e |   .2110777   .2117507     1.00   0.319    -.2048386    .6269939
trichloroe~e |   .5113532   .2377688     2.15   0.032     .0443327    .9783738
-------------+----------------------------------------------------------------
v2           |
     albumin |  -.2429123    .215246    -1.13   0.260     -.665694    .1798693
         alt |  -.6251191   .3151185    -1.98   0.048    -1.244068     -.00617
         alp |   .6120708    .195912     3.12   0.002     .2272646     .996877
         ast |   .0208182   .3043827     0.07   0.945    -.5770439    .6186803
         ggt |   .1082178   .2471027     0.44   0.662    -.3771362    .5935719
         ldh |   .6454798   .2094947     3.08   0.002     .2339948    1.056965
          tb |   .3989909   .2184804     1.83   0.068    -.0301437    .8281256
------------------------------------------------------------------------------
                                     (Standard errors estimated conditionally)
Canonical correlations:
  0.3184  0.2314  0.1921  0.1144  0.1002  0.0656  0.0246

----------------------------------------------------------------------------
Tests of significance of all canonical correlations

                         Statistic      df1      df2            F     Prob>F
         Wilks' lambda     .796381       70  3202.18       1.8215     0.0000 a
        Pillai's trace     .219833       70     3878       1.7962     0.0001 a
Lawley-Hotelling trace     .236003       70     3824       1.8418     0.0000 a
    Roy's largest root     .112804       10      554       6.2494     0.0000 u
----------------------------------------------------------------------------
                            e = exact, a = approximate, u = upper bound on F

. 
end of do-file

. do "C:\Users\lchunhui\AppData\Local\Temp\STD321c_000000.tmp"

. estat loadings

Canonical loadings for variable list 1

                 |        1         2 
    -------------+--------------------
              v2 |   0.0873    0.7347 
         benzene |   0.8667   -0.1024 
         oxylene |   0.6973   -0.1190 
        mpxylene |   0.6694   -0.2100 
    ethylbenzene |   0.5779   -0.2223 
            mtbe |   0.4336    0.0067 
         toluene |   0.4493   -0.1767 
      chloroform |  -0.2142   -0.1082 
    tetrachlor~e |   0.0706    0.2696 
    trichloroe~e |   0.0185    0.4834 
    ----------------------------------

Canonical loadings for variable list 2

                 |        1         2 
    -------------+--------------------
         albumin |   0.6800   -0.1265 
             alt |   0.2808   -0.0569 
             alp |   0.5064    0.6637 
             ast |   0.1298    0.1422 
             ggt |   0.3257    0.1612 
             ldh |   0.0558    0.6438 
              tb |  -0.1148    0.2439 
    ----------------------------------

Correlation between variable list 1 and canonical variates from list 2

                 |        1         2 
    -------------+--------------------
              v2 |   0.0278    0.1700 
         benzene |   0.2759   -0.0237 
         oxylene |   0.2220   -0.0275 
        mpxylene |   0.2131   -0.0486 
    ethylbenzene |   0.1840   -0.0514 
            mtbe |   0.1381    0.0015 
         toluene |   0.1430   -0.0409 
      chloroform |  -0.0682   -0.0250 
    tetrachlor~e |   0.0225    0.0624 
    trichloroe~e |   0.0059    0.1118 
    ----------------------------------

Correlation between variable list 2 and canonical variates from list 1

                 |        1         2 
    -------------+--------------------
         albumin |   0.2165   -0.0293 
             alt |   0.0894   -0.0132 
             alp |   0.1612    0.1536 
             ast |   0.0413    0.0329 
             ggt |   0.1037    0.0373 
             ldh |   0.0178    0.1489 
              tb |  -0.0366    0.0564 
    ----------------------------------


. 
end of do-file

. log close
      name:  <unnamed>
       log:  C:\Users\lchunhui\Downloads\CCA.log
  log type:  text
 closed on:  25 Nov 2018, 19:07:32
-------------------------------------------------------------------------------
